algorithm ../../gcm.cache/,/algorithm.gcm
array ../../gcm.cache/,/array.gcm
bit ../../gcm.cache/,/bit.gcm
bitset ../../gcm.cache/,/bitset.gcm
charconv ../../gcm.cache/,/charconv.gcm
chrono ../../gcm.cache/,/chrono.gcm
compare ../../gcm.cache/,/compare.gcm
concepts ../../gcm.cache/,/concepts.gcm
deque ../../gcm.cache/,/deque.gcm
exception ../../gcm.cache/,/exception.gcm
filesystem ../../gcm.cache/,/filesystem.gcm
format ../../gcm.cache/,/format.gcm
fstream ../../gcm.cache/,/fstream.gcm
functional ../../gcm.cache/,/functional.gcm
initializer_list ../../gcm.cache/,/initializer_list.gcm
iomanip ../../gcm.cache/,/iomanip.gcm
ios ../../gcm.cache/,/ios.gcm
iosfwd ../../gcm.cache/,/iosfwd.gcm
iostream ../../gcm.cache/,/iostream.gcm
istream ../../gcm.cache/,/istream.gcm
iterator ../../gcm.cache/,/iterator.gcm
limits ../../gcm.cache/,/limits.gcm
list ../../gcm.cache/,/list.gcm
locale ../../gcm.cache/,/locale.gcm
map ../../gcm.cache/,/map.gcm
memory ../../gcm.cache/,/memory.gcm
numbers ../../gcm.cache/,/numbers.gcm
numeric ../../gcm.cache/,/numeric.gcm
optional ../../gcm.cache/,/optional.gcm
ostream ../../gcm.cache/,/ostream.gcm
queue ../../gcm.cache/,/queue.gcm
random ../../gcm.cache/,/random.gcm
ranges ../../gcm.cache/,/ranges.gcm
ratio ../../gcm.cache/,/ratio.gcm
regex ../../gcm.cache/,/regex.gcm
set ../../gcm.cache/,/set.gcm
span ../../gcm.cache/,/span.gcm
sstream ../../gcm.cache/,/sstream.gcm
stdexcept ../../gcm.cache/,/stdexcept.gcm
streambuf ../../gcm.cache/,/streambuf.gcm
string ../../gcm.cache/,/string.gcm
string_view ../../gcm.cache/,/string_view.gcm
system_error ../../gcm.cache/,/system_error.gcm
tuple ../../gcm.cache/,/tuple.gcm
type_traits ../../gcm.cache/,/type_traits.gcm
unordered_map ../../gcm.cache/,/unordered_map.gcm
unordered_set ../../gcm.cache/,/unordered_set.gcm
utility ../../gcm.cache/,/utility.gcm
vector ../../gcm.cache/,/vector.gcm
version ../../gcm.cache/,/version.gcm